la variable c est deja declaree
Erreur syntaxique (2:9) symbole ... attendu
