la variable c est deja declaree
Erreur syntaxique (2:5) symbole ... attendu
